Archive member included because of file (symbol)

c:/winavr-20090313/bin/../lib/gcc/avr/4.3.2/avr5\libgcc.a(_udivmodhi4.o)
                              ./MCAL/Timer/Timer1/Timer1.o (__udivmodhi4)
c:/winavr-20090313/bin/../lib/gcc/avr/4.3.2/avr5\libgcc.a(_divmodhi4.o)
                              ./MCAL/Timer/Timer2/Timer2.o (__divmodhi4)
c:/winavr-20090313/bin/../lib/gcc/avr/4.3.2/avr5\libgcc.a(_udivmodsi4.o)
                              ./MCAL/Timer/Timer1/Timer1.o (__udivmodsi4)
c:/winavr-20090313/bin/../lib/gcc/avr/4.3.2/avr5\libgcc.a(_exit.o)
                              c:/winavr-20090313/bin/../lib/gcc/avr/4.3.2/../../../../avr/lib/avr5/crtm32.o (exit)
c:/winavr-20090313/bin/../lib/gcc/avr/4.3.2/avr5\libgcc.a(_copy_data.o)
                              ./HAL/Tires_Control/Tires_Control.o (__do_copy_data)
c:/winavr-20090313/bin/../lib/gcc/avr/4.3.2/avr5\libgcc.a(_clear_bss.o)
                              ./MCAL/Timer/Timer2/Timer2.o (__do_clear_bss)
c:/winavr-20090313/bin/../lib/gcc/avr/4.3.2/avr5\libgcc.a(_fixunssfsi.o)
                              ./HAL/UltraSonic/UltraSonic.o (__fixunssfsi)
c:/winavr-20090313/bin/../lib/gcc/avr/4.3.2/avr5\libgcc.a(_addsub_sf.o)
                              c:/winavr-20090313/bin/../lib/gcc/avr/4.3.2/avr5\libgcc.a(_fixunssfsi.o) (__subsf3)
c:/winavr-20090313/bin/../lib/gcc/avr/4.3.2/avr5\libgcc.a(_mul_sf.o)
                              ./HAL/UltraSonic/UltraSonic.o (__mulsf3)
c:/winavr-20090313/bin/../lib/gcc/avr/4.3.2/avr5\libgcc.a(_div_sf.o)
                              ./HAL/UltraSonic/UltraSonic.o (__divsf3)
c:/winavr-20090313/bin/../lib/gcc/avr/4.3.2/avr5\libgcc.a(_eq_sf.o)
                              ./MCAL/Timer/WDT/WDT.o (__eqsf2)
c:/winavr-20090313/bin/../lib/gcc/avr/4.3.2/avr5\libgcc.a(_gt_sf.o)
                              ./HAL/UltraSonic/UltraSonic.o (__gtsf2)
c:/winavr-20090313/bin/../lib/gcc/avr/4.3.2/avr5\libgcc.a(_ge_sf.o)
                              c:/winavr-20090313/bin/../lib/gcc/avr/4.3.2/avr5\libgcc.a(_fixunssfsi.o) (__gesf2)
c:/winavr-20090313/bin/../lib/gcc/avr/4.3.2/avr5\libgcc.a(_lt_sf.o)
                              ./HAL/UltraSonic/UltraSonic.o (__ltsf2)
c:/winavr-20090313/bin/../lib/gcc/avr/4.3.2/avr5\libgcc.a(_sf_to_si.o)
                              c:/winavr-20090313/bin/../lib/gcc/avr/4.3.2/avr5\libgcc.a(_fixunssfsi.o) (__fixsfsi)
c:/winavr-20090313/bin/../lib/gcc/avr/4.3.2/avr5\libgcc.a(_thenan_sf.o)
                              c:/winavr-20090313/bin/../lib/gcc/avr/4.3.2/avr5\libgcc.a(_addsub_sf.o) (__thenan_sf)
c:/winavr-20090313/bin/../lib/gcc/avr/4.3.2/avr5\libgcc.a(_usi_to_sf.o)
                              ./HAL/Tires_Control/Tires_Control.o (__floatunsisf)
c:/winavr-20090313/bin/../lib/gcc/avr/4.3.2/avr5\libgcc.a(_prologue.o)
                              c:/winavr-20090313/bin/../lib/gcc/avr/4.3.2/avr5\libgcc.a(_addsub_sf.o) (__prologue_saves__)
c:/winavr-20090313/bin/../lib/gcc/avr/4.3.2/avr5\libgcc.a(_epilogue.o)
                              c:/winavr-20090313/bin/../lib/gcc/avr/4.3.2/avr5\libgcc.a(_addsub_sf.o) (__epilogue_restores__)
c:/winavr-20090313/bin/../lib/gcc/avr/4.3.2/avr5\libgcc.a(_clzsi2.o)
                              c:/winavr-20090313/bin/../lib/gcc/avr/4.3.2/avr5\libgcc.a(_usi_to_sf.o) (__clzsi2)
c:/winavr-20090313/bin/../lib/gcc/avr/4.3.2/avr5\libgcc.a(_pack_sf.o)
                              c:/winavr-20090313/bin/../lib/gcc/avr/4.3.2/avr5\libgcc.a(_addsub_sf.o) (__pack_f)
c:/winavr-20090313/bin/../lib/gcc/avr/4.3.2/avr5\libgcc.a(_unpack_sf.o)
                              c:/winavr-20090313/bin/../lib/gcc/avr/4.3.2/avr5\libgcc.a(_addsub_sf.o) (__unpack_f)
c:/winavr-20090313/bin/../lib/gcc/avr/4.3.2/avr5\libgcc.a(_fpcmp_parts_sf.o)
                              c:/winavr-20090313/bin/../lib/gcc/avr/4.3.2/avr5\libgcc.a(_eq_sf.o) (__fpcmp_parts_f)
c:/winavr-20090313/bin/../lib/gcc/avr/4.3.2/avr5\libgcc.a(_clz.o)
                              c:/winavr-20090313/bin/../lib/gcc/avr/4.3.2/avr5\libgcc.a(_clzsi2.o) (__clz_tab)

Allocating common symbols
Common symbol       size              file

us_f                0x1               ./APP/Auto_Parking.o
us_rb               0x1               ./APP/Auto_Parking.o
us_rf               0x1               ./APP/Auto_Parking.o
us_b                0x1               ./APP/Auto_Parking.o

Memory Configuration

Name             Origin             Length             Attributes
text             0x00000000         0x00020000         xr
data             0x00800060         0x0000ffa0         rw !x
eeprom           0x00810000         0x00010000         rw !x
fuse             0x00820000         0x00000400         rw !x
lock             0x00830000         0x00000400         rw !x
signature        0x00840000         0x00000400         rw !x
*default*        0x00000000         0xffffffff

Linker script and memory map

LOAD c:/winavr-20090313/bin/../lib/gcc/avr/4.3.2/../../../../avr/lib/avr5/crtm32.o
LOAD ./MCAL/Timer/WDT/WDT.o
LOAD ./MCAL/Timer/Timer2/Timer2.o
LOAD ./MCAL/Timer/Timer1/Timer1.o
LOAD ./MCAL/Timer/Timer0/Timer0.o
LOAD ./MCAL/Timer/ICU/ICU.o
LOAD ./MCAL/GI/GI.o
LOAD ./MCAL/DIO/DIO.o
LOAD ./HAL/UltraSonic/UltraSonic.o
LOAD ./HAL/Tires_Control/Tires_Control.o
LOAD ./CFG/DIO/DIO_Cfg.o
LOAD ./APP/Auto_Parking.o
LOAD ./main.o
LOAD c:/winavr-20090313/bin/../lib/gcc/avr/4.3.2/avr5\libgcc.a
LOAD c:/winavr-20090313/bin/../lib/gcc/avr/4.3.2/../../../../avr/lib/avr5\libc.a
LOAD c:/winavr-20090313/bin/../lib/gcc/avr/4.3.2/avr5\libgcc.a

.hash
 *(.hash)

.dynsym
 *(.dynsym)

.dynstr
 *(.dynstr)

.gnu.version
 *(.gnu.version)

.gnu.version_d
 *(.gnu.version_d)

.gnu.version_r
 *(.gnu.version_r)

.rel.init
 *(.rel.init)

.rela.init
 *(.rela.init)

.rel.text
 *(.rel.text)
 *(.rel.text.*)
 *(.rel.gnu.linkonce.t*)

.rela.text
 *(.rela.text)
 *(.rela.text.*)
 *(.rela.gnu.linkonce.t*)

.rel.fini
 *(.rel.fini)

.rela.fini
 *(.rela.fini)

.rel.rodata
 *(.rel.rodata)
 *(.rel.rodata.*)
 *(.rel.gnu.linkonce.r*)

.rela.rodata
 *(.rela.rodata)
 *(.rela.rodata.*)
 *(.rela.gnu.linkonce.r*)

.rel.data
 *(.rel.data)
 *(.rel.data.*)
 *(.rel.gnu.linkonce.d*)

.rela.data
 *(.rela.data)
 *(.rela.data.*)
 *(.rela.gnu.linkonce.d*)

.rel.ctors
 *(.rel.ctors)

.rela.ctors
 *(.rela.ctors)

.rel.dtors
 *(.rel.dtors)

.rela.dtors
 *(.rela.dtors)

.rel.got
 *(.rel.got)

.rela.got
 *(.rela.got)

.rel.bss
 *(.rel.bss)

.rela.bss
 *(.rela.bss)

.rel.plt
 *(.rel.plt)

.rela.plt
 *(.rela.plt)

.text           0x00000000     0x42e6
 *(.vectors)
 .vectors       0x00000000       0x54 c:/winavr-20090313/bin/../lib/gcc/avr/4.3.2/../../../../avr/lib/avr5/crtm32.o
                0x00000000                __vectors
                0x00000000                __vector_default
 *(.vectors)
 *(.progmem.gcc*)
 *(.progmem*)
                0x00000054                . = ALIGN (0x2)
                0x00000054                __trampolines_start = .
 *(.trampolines)
 .trampolines   0x00000054        0x0 linker stubs
 *(.trampolines*)
                0x00000054                __trampolines_end = .
 *(.jumptables)
 *(.jumptables*)
 *(.lowtext)
 *(.lowtext*)
                0x00000054                __ctors_start = .
 *(.ctors)
                0x00000054                __ctors_end = .
                0x00000054                __dtors_start = .
 *(.dtors)
                0x00000054                __dtors_end = .
 SORT(*)(.ctors)
 SORT(*)(.dtors)
 *(.init0)
 .init0         0x00000054        0x0 c:/winavr-20090313/bin/../lib/gcc/avr/4.3.2/../../../../avr/lib/avr5/crtm32.o
                0x00000054                __init
 *(.init0)
 *(.init1)
 *(.init1)
 *(.init2)
 .init2         0x00000054        0xc c:/winavr-20090313/bin/../lib/gcc/avr/4.3.2/../../../../avr/lib/avr5/crtm32.o
 *(.init2)
 *(.init3)
 *(.init3)
 *(.init4)
 .init4         0x00000060       0x16 c:/winavr-20090313/bin/../lib/gcc/avr/4.3.2/avr5\libgcc.a(_copy_data.o)
                0x00000060                __do_copy_data
 .init4         0x00000076       0x10 c:/winavr-20090313/bin/../lib/gcc/avr/4.3.2/avr5\libgcc.a(_clear_bss.o)
                0x00000076                __do_clear_bss
 *(.init4)
 *(.init5)
 *(.init5)
 *(.init6)
 *(.init6)
 *(.init7)
 *(.init7)
 *(.init8)
 *(.init8)
 *(.init9)
 .init9         0x00000086        0x8 c:/winavr-20090313/bin/../lib/gcc/avr/4.3.2/../../../../avr/lib/avr5/crtm32.o
 *(.init9)
 *(.text)
 .text          0x0000008e        0x4 c:/winavr-20090313/bin/../lib/gcc/avr/4.3.2/../../../../avr/lib/avr5/crtm32.o
                0x0000008e                __vector_1
                0x0000008e                __vector_12
                0x0000008e                __bad_interrupt
                0x0000008e                __vector_3
                0x0000008e                __vector_13
                0x0000008e                __vector_17
                0x0000008e                __vector_19
                0x0000008e                __vector_2
                0x0000008e                __vector_15
                0x0000008e                __vector_14
                0x0000008e                __vector_16
                0x0000008e                __vector_18
                0x0000008e                __vector_20
 .text          0x00000092        0x0 ./MCAL/Timer/WDT/WDT.o
 .text          0x00000092        0x0 ./MCAL/Timer/Timer2/Timer2.o
 .text          0x00000092        0x0 ./MCAL/Timer/Timer1/Timer1.o
 .text          0x00000092        0x0 ./MCAL/Timer/Timer0/Timer0.o
 .text          0x00000092        0x0 ./MCAL/Timer/ICU/ICU.o
 .text          0x00000092        0x0 ./MCAL/GI/GI.o
 .text          0x00000092        0x0 ./MCAL/DIO/DIO.o
 .text          0x00000092        0x0 ./HAL/UltraSonic/UltraSonic.o
 .text          0x00000092        0x0 ./HAL/Tires_Control/Tires_Control.o
 .text          0x00000092        0x0 ./CFG/DIO/DIO_Cfg.o
 .text          0x00000092        0x0 ./APP/Auto_Parking.o
 .text          0x00000092        0x0 ./main.o
 .text          0x00000092        0x0 c:/winavr-20090313/bin/../lib/gcc/avr/4.3.2/avr5\libgcc.a(_udivmodhi4.o)
 .text          0x00000092        0x0 c:/winavr-20090313/bin/../lib/gcc/avr/4.3.2/avr5\libgcc.a(_divmodhi4.o)
 .text          0x00000092        0x0 c:/winavr-20090313/bin/../lib/gcc/avr/4.3.2/avr5\libgcc.a(_udivmodsi4.o)
 .text          0x00000092        0x0 c:/winavr-20090313/bin/../lib/gcc/avr/4.3.2/avr5\libgcc.a(_exit.o)
 .text          0x00000092        0x0 c:/winavr-20090313/bin/../lib/gcc/avr/4.3.2/avr5\libgcc.a(_copy_data.o)
 .text          0x00000092        0x0 c:/winavr-20090313/bin/../lib/gcc/avr/4.3.2/avr5\libgcc.a(_clear_bss.o)
 .text          0x00000092       0x58 c:/winavr-20090313/bin/../lib/gcc/avr/4.3.2/avr5\libgcc.a(_fixunssfsi.o)
                0x00000092                __fixunssfsi
 .text          0x000000ea      0x354 c:/winavr-20090313/bin/../lib/gcc/avr/4.3.2/avr5\libgcc.a(_addsub_sf.o)
                0x00000382                __subsf3
                0x000003e4                __addsf3
 .text          0x0000043e      0x1f4 c:/winavr-20090313/bin/../lib/gcc/avr/4.3.2/avr5\libgcc.a(_mul_sf.o)
                0x0000043e                __mulsf3
 .text          0x00000632      0x158 c:/winavr-20090313/bin/../lib/gcc/avr/4.3.2/avr5\libgcc.a(_div_sf.o)
                0x00000632                __divsf3
 .text          0x0000078a       0x60 c:/winavr-20090313/bin/../lib/gcc/avr/4.3.2/avr5\libgcc.a(_eq_sf.o)
                0x0000078a                __eqsf2
 .text          0x000007ea       0x60 c:/winavr-20090313/bin/../lib/gcc/avr/4.3.2/avr5\libgcc.a(_gt_sf.o)
                0x000007ea                __gtsf2
 .text          0x0000084a       0x60 c:/winavr-20090313/bin/../lib/gcc/avr/4.3.2/avr5\libgcc.a(_ge_sf.o)
                0x0000084a                __gesf2
 .text          0x000008aa       0x60 c:/winavr-20090313/bin/../lib/gcc/avr/4.3.2/avr5\libgcc.a(_lt_sf.o)
                0x000008aa                __ltsf2
 .text          0x0000090a       0xa8 c:/winavr-20090313/bin/../lib/gcc/avr/4.3.2/avr5\libgcc.a(_sf_to_si.o)
                0x0000090a                __fixsfsi
 .text          0x000009b2        0x0 c:/winavr-20090313/bin/../lib/gcc/avr/4.3.2/avr5\libgcc.a(_thenan_sf.o)
 .text          0x000009b2       0xf2 c:/winavr-20090313/bin/../lib/gcc/avr/4.3.2/avr5\libgcc.a(_usi_to_sf.o)
                0x000009b2                __floatunsisf
 .text          0x00000aa4        0x0 c:/winavr-20090313/bin/../lib/gcc/avr/4.3.2/avr5\libgcc.a(_prologue.o)
 .text          0x00000aa4        0x0 c:/winavr-20090313/bin/../lib/gcc/avr/4.3.2/avr5\libgcc.a(_epilogue.o)
 .text          0x00000aa4       0x9e c:/winavr-20090313/bin/../lib/gcc/avr/4.3.2/avr5\libgcc.a(_clzsi2.o)
                0x00000aa4                __clzsi2
 .text          0x00000b42      0x1aa c:/winavr-20090313/bin/../lib/gcc/avr/4.3.2/avr5\libgcc.a(_pack_sf.o)
                0x00000b42                __pack_f
 .text          0x00000cec       0xf0 c:/winavr-20090313/bin/../lib/gcc/avr/4.3.2/avr5\libgcc.a(_unpack_sf.o)
                0x00000cec                __unpack_f
 .text          0x00000ddc       0xb2 c:/winavr-20090313/bin/../lib/gcc/avr/4.3.2/avr5\libgcc.a(_fpcmp_parts_sf.o)
                0x00000ddc                __fpcmp_parts_f
 .text          0x00000e8e        0x0 c:/winavr-20090313/bin/../lib/gcc/avr/4.3.2/avr5\libgcc.a(_clz.o)
                0x00000e8e                . = ALIGN (0x2)
 *(.text.*)
 .text.WDT_Enable
                0x00000e8e      0x184 ./MCAL/Timer/WDT/WDT.o
                0x00000e8e                WDT_Enable
 .text.WDT_Disable
                0x00001012       0x2a ./MCAL/Timer/WDT/WDT.o
                0x00001012                WDT_Disable
 .text.Timer2_init
                0x0000103c       0x38 ./MCAL/Timer/Timer2/Timer2.o
                0x0000103c                Timer2_init
 .text.Timer2_start
                0x00001074       0x2a ./MCAL/Timer/Timer2/Timer2.o
                0x00001074                Timer2_start
 .text.Timer2_stop
                0x0000109e       0x1c ./MCAL/Timer/Timer2/Timer2.o
                0x0000109e                Timer2_stop
 .text.Timer2_set_int_value
                0x000010ba       0x1c ./MCAL/Timer/Timer2/Timer2.o
                0x000010ba                Timer2_set_int_value
 .text.Timer2_set_cmp_value
                0x000010d6       0x1c ./MCAL/Timer/Timer2/Timer2.o
                0x000010d6                Timer2_set_cmp_value
 .text.Timer2_PWM_set_cmp
                0x000010f2       0x32 ./MCAL/Timer/Timer2/Timer2.o
                0x000010f2                Timer2_PWM_set_cmp
 .text.Timer2_PWM_set_cmp_PC
                0x00001124       0x32 ./MCAL/Timer/Timer2/Timer2.o
                0x00001124                Timer2_PWM_set_cmp_PC
 .text.Timer2_OV_InterruptEnable
                0x00001156       0x1c ./MCAL/Timer/Timer2/Timer2.o
                0x00001156                Timer2_OV_InterruptEnable
 .text.Timer2_OV_InterruptDisable
                0x00001172       0x1c ./MCAL/Timer/Timer2/Timer2.o
                0x00001172                Timer2_OV_InterruptDisable
 .text.Timer2_OC_InterruptEnable
                0x0000118e       0x1c ./MCAL/Timer/Timer2/Timer2.o
                0x0000118e                Timer2_OC_InterruptEnable
 .text.Timer2_OC_InterruptDisable
                0x000011aa       0x1c ./MCAL/Timer/Timer2/Timer2.o
                0x000011aa                Timer2_OC_InterruptDisable
 .text.Timer2_OV_set_callbck
                0x000011c6       0x2c ./MCAL/Timer/Timer2/Timer2.o
                0x000011c6                Timer2_OV_set_callbck
 .text.Timer2_OC_set_callbck
                0x000011f2       0x2c ./MCAL/Timer/Timer2/Timer2.o
                0x000011f2                Timer2_OC_set_callbck
 .text.__vector_5
                0x0000121e       0x5a ./MCAL/Timer/Timer2/Timer2.o
                0x0000121e                __vector_5
 .text.__vector_4
                0x00001278       0x5a ./MCAL/Timer/Timer2/Timer2.o
                0x00001278                __vector_4
 .text.Timer1_init
                0x000012d2       0x46 ./MCAL/Timer/Timer1/Timer1.o
                0x000012d2                Timer1_init
 .text.Timer1_start
                0x00001318       0x2a ./MCAL/Timer/Timer1/Timer1.o
                0x00001318                Timer1_start
 .text.Timer1_stop
                0x00001342       0x1c ./MCAL/Timer/Timer1/Timer1.o
                0x00001342                Timer1_stop
 .text.Timer1_set_int_value
                0x0000135e       0x20 ./MCAL/Timer/Timer1/Timer1.o
                0x0000135e                Timer1_set_int_value
 .text.Timer1_set_cmp_value
                0x0000137e       0x24 ./MCAL/Timer/Timer1/Timer1.o
                0x0000137e                Timer1_set_cmp_value
 .text.Timer1_PWM_set_cmp
                0x000013a2       0x8c ./MCAL/Timer/Timer1/Timer1.o
                0x000013a2                Timer1_PWM_set_cmp
 .text.Timer1_InputCaptureEdge
                0x0000142e       0x3e ./MCAL/Timer/Timer1/Timer1.o
                0x0000142e                Timer1_InputCaptureEdge
 .text.Timer1_OV_InterruptEnable
                0x0000146c       0x1c ./MCAL/Timer/Timer1/Timer1.o
                0x0000146c                Timer1_OV_InterruptEnable
 .text.Timer1_OV_InterruptDisable
                0x00001488       0x1c ./MCAL/Timer/Timer1/Timer1.o
                0x00001488                Timer1_OV_InterruptDisable
 .text.Timer1_OCA_InterruptEnable
                0x000014a4       0x1c ./MCAL/Timer/Timer1/Timer1.o
                0x000014a4                Timer1_OCA_InterruptEnable
 .text.Timer1_OCA_InterruptDisable
                0x000014c0       0x1c ./MCAL/Timer/Timer1/Timer1.o
                0x000014c0                Timer1_OCA_InterruptDisable
 .text.Timer1_OCB_InterruptEnable
                0x000014dc       0x1c ./MCAL/Timer/Timer1/Timer1.o
                0x000014dc                Timer1_OCB_InterruptEnable
 .text.Timer1_OCB_InterruptDisable
                0x000014f8       0x1c ./MCAL/Timer/Timer1/Timer1.o
                0x000014f8                Timer1_OCB_InterruptDisable
 .text.Timer1_ICU_InterruptEnable
                0x00001514       0x1c ./MCAL/Timer/Timer1/Timer1.o
                0x00001514                Timer1_ICU_InterruptEnable
 .text.Timer1_ICU_InterruptDisable
                0x00001530       0x1c ./MCAL/Timer/Timer1/Timer1.o
                0x00001530                Timer1_ICU_InterruptDisable
 .text.Timer1_OV_set_callbck
                0x0000154c       0x2c ./MCAL/Timer/Timer1/Timer1.o
                0x0000154c                Timer1_OV_set_callbck
 .text.Timer1_OCA_set_callbck
                0x00001578       0x2c ./MCAL/Timer/Timer1/Timer1.o
                0x00001578                Timer1_OCA_set_callbck
 .text.Timer1_OCB_set_callbck
                0x000015a4       0x2c ./MCAL/Timer/Timer1/Timer1.o
                0x000015a4                Timer1_OCB_set_callbck
 .text.Timer1_ICU_set_callbck
                0x000015d0       0x2c ./MCAL/Timer/Timer1/Timer1.o
                0x000015d0                Timer1_ICU_set_callbck
 .text.__vector_9
                0x000015fc       0x5a ./MCAL/Timer/Timer1/Timer1.o
                0x000015fc                __vector_9
 .text.__vector_7
                0x00001656       0x5a ./MCAL/Timer/Timer1/Timer1.o
                0x00001656                __vector_7
 .text.__vector_8
                0x000016b0       0x5a ./MCAL/Timer/Timer1/Timer1.o
                0x000016b0                __vector_8
 .text.__vector_6
                0x0000170a       0x5a ./MCAL/Timer/Timer1/Timer1.o
                0x0000170a                __vector_6
 .text.Timer0_init
                0x00001764       0x2a ./MCAL/Timer/Timer0/Timer0.o
                0x00001764                Timer0_init
 .text.Timer0_start
                0x0000178e       0x2a ./MCAL/Timer/Timer0/Timer0.o
                0x0000178e                Timer0_start
 .text.Timer0_stop
                0x000017b8       0x1c ./MCAL/Timer/Timer0/Timer0.o
                0x000017b8                Timer0_stop
 .text.Timer0_set_int_value
                0x000017d4       0x1c ./MCAL/Timer/Timer0/Timer0.o
                0x000017d4                Timer0_set_int_value
 .text.Timer0_set_cmp_value
                0x000017f0       0x1c ./MCAL/Timer/Timer0/Timer0.o
                0x000017f0                Timer0_set_cmp_value
 .text.Timer0_PWM_set_cmp
                0x0000180c       0x32 ./MCAL/Timer/Timer0/Timer0.o
                0x0000180c                Timer0_PWM_set_cmp
 .text.Timer0_PWM_set_cmp_PC
                0x0000183e       0x32 ./MCAL/Timer/Timer0/Timer0.o
                0x0000183e                Timer0_PWM_set_cmp_PC
 .text.Timer0_OV_InterruptEnable
                0x00001870       0x1c ./MCAL/Timer/Timer0/Timer0.o
                0x00001870                Timer0_OV_InterruptEnable
 .text.Timer0_OV_InterruptDisable
                0x0000188c       0x1c ./MCAL/Timer/Timer0/Timer0.o
                0x0000188c                Timer0_OV_InterruptDisable
 .text.Timer0_OC_InterruptEnable
                0x000018a8       0x1c ./MCAL/Timer/Timer0/Timer0.o
                0x000018a8                Timer0_OC_InterruptEnable
 .text.Timer0_OC_InterruptDisable
                0x000018c4       0x1c ./MCAL/Timer/Timer0/Timer0.o
                0x000018c4                Timer0_OC_InterruptDisable
 .text.Timer0_OV_set_callbck
                0x000018e0       0x2c ./MCAL/Timer/Timer0/Timer0.o
                0x000018e0                Timer0_OV_set_callbck
 .text.Timer0_OC_set_callbck
                0x0000190c       0x2c ./MCAL/Timer/Timer0/Timer0.o
                0x0000190c                Timer0_OC_set_callbck
 .text.__vector_11
                0x00001938       0x5a ./MCAL/Timer/Timer0/Timer0.o
                0x00001938                __vector_11
 .text.__vector_10
                0x00001992       0x5a ./MCAL/Timer/Timer0/Timer0.o
                0x00001992                __vector_10
 .text.ICU_init
                0x000019ec       0x8c ./MCAL/Timer/ICU/ICU.o
                0x000019ec                ICU_init
 .text.ICU_get_Duty_Cycle
                0x00001a78       0x18 ./MCAL/Timer/ICU/ICU.o
                0x00001a78                ICU_get_Duty_Cycle
 .text.ICU_get_Frequency
                0x00001a90       0x18 ./MCAL/Timer/ICU/ICU.o
                0x00001a90                ICU_get_Frequency
 .text.GIE_Enable
                0x00001aa8       0x1c ./MCAL/GI/GI.o
                0x00001aa8                GIE_Enable
 .text.GIE_Disable
                0x00001ac4       0x1c ./MCAL/GI/GI.o
                0x00001ac4                GIE_Disable
 .text.DIO_InitPin
                0x00001ae0      0x55e ./MCAL/DIO/DIO.o
 .text.DIO_Init
                0x0000203e       0x66 ./MCAL/DIO/DIO.o
                0x0000203e                DIO_Init
 .text.DIO_WritePin
                0x000020a4      0x22e ./MCAL/DIO/DIO.o
                0x000020a4                DIO_WritePin
 .text.DIO_ReadPin
                0x000022d2      0x106 ./MCAL/DIO/DIO.o
                0x000022d2                DIO_ReadPin
 .text.DIO_TogglePin
                0x000023d8      0x116 ./MCAL/DIO/DIO.o
                0x000023d8                DIO_TogglePin
 .text.DIO_WritePort
                0x000024ee       0x82 ./MCAL/DIO/DIO.o
                0x000024ee                DIO_WritePort
 .text.DIO_ReadPort
                0x00002570       0x84 ./MCAL/DIO/DIO.o
                0x00002570                DIO_ReadPort
 .text.ICU_fun  0x000025f4       0x56 ./HAL/UltraSonic/UltraSonic.o
 .text.ov_fun   0x0000264a       0x18 ./HAL/UltraSonic/UltraSonic.o
 .text.US_init  0x00002662       0x26 ./HAL/UltraSonic/UltraSonic.o
                0x00002662                US_init
 .text.US_get_distance
                0x00002688      0x9d6 ./HAL/UltraSonic/UltraSonic.o
                0x00002688                US_get_distance
 .text.CarCon_Vinit
                0x0000305e       0x32 ./HAL/Tires_Control/Tires_Control.o
                0x0000305e                CarCon_Vinit
 .text.CarCon_VMoveForward
                0x00003090       0x34 ./HAL/Tires_Control/Tires_Control.o
                0x00003090                CarCon_VMoveForward
 .text.CarCon_VMoveBackward
                0x000030c4       0x32 ./HAL/Tires_Control/Tires_Control.o
                0x000030c4                CarCon_VMoveBackward
 .text.CarCon_VTurnRight
                0x000030f6       0x2e ./HAL/Tires_Control/Tires_Control.o
                0x000030f6                CarCon_VTurnRight
 .text.CarCon_VTurnRight_withAngle
                0x00003124      0x156 ./HAL/Tires_Control/Tires_Control.o
                0x00003124                CarCon_VTurnRight_withAngle
 .text.CarCon_VTurnLeft
                0x0000327a       0x2e ./HAL/Tires_Control/Tires_Control.o
                0x0000327a                CarCon_VTurnLeft
 .text.CarCon_VTurnLeft_withAngle
                0x000032a8       0x48 ./HAL/Tires_Control/Tires_Control.o
                0x000032a8                CarCon_VTurnLeft_withAngle
 .text.CarCon_VStop_Move
                0x000032f0       0x22 ./HAL/Tires_Control/Tires_Control.o
                0x000032f0                CarCon_VStop_Move
 .text.CarCon_VStop_Move_duty
                0x00003312      0x13c ./HAL/Tires_Control/Tires_Control.o
                0x00003312                CarCon_VStop_Move_duty
 .text.CarCon_VStop_Rotate
                0x0000344e       0x1e ./HAL/Tires_Control/Tires_Control.o
                0x0000344e                CarCon_VStop_Rotate
 .text.Auto_Parking_init
                0x0000346c       0x1e ./APP/Auto_Parking.o
                0x0000346c                Auto_Parking_init
 .text.Auto_Parking_Runnable
                0x0000348a       0x28 ./APP/Auto_Parking.o
                0x0000348a                Auto_Parking_Runnable
 .text.fun1     0x000034b2       0x34 ./APP/Auto_Parking.o
                0x000034b2                fun1
 .text.Find_Slot_init
                0x000034e6       0x36 ./APP/Auto_Parking.o
                0x000034e6                Find_Slot_init
 .text.Car_Adjust
                0x0000351c       0x78 ./APP/Auto_Parking.o
                0x0000351c                Car_Adjust
 .text.Find_Slot_Runnable
                0x00003594       0xfe ./APP/Auto_Parking.o
                0x00003594                Find_Slot_Runnable
 .text.fun2     0x00003692       0x66 ./APP/Auto_Parking.o
                0x00003692                fun2
 .text.Park_Finish
                0x000036f8      0x3a4 ./APP/Auto_Parking.o
                0x000036f8                Park_Finish
 .text.Parking_Runnable
                0x00003a9c      0x734 ./APP/Auto_Parking.o
                0x00003a9c                Parking_Runnable
 .text.main     0x000041d0       0x12 ./main.o
                0x000041d0                main
 .text.libgcc   0x000041e2       0x28 c:/winavr-20090313/bin/../lib/gcc/avr/4.3.2/avr5\libgcc.a(_udivmodhi4.o)
                0x000041e2                __udivmodhi4
 .text.libgcc   0x0000420a       0x26 c:/winavr-20090313/bin/../lib/gcc/avr/4.3.2/avr5\libgcc.a(_divmodhi4.o)
                0x0000420a                __divmodhi4
                0x0000420a                _div
 .text.libgcc   0x00004230       0x44 c:/winavr-20090313/bin/../lib/gcc/avr/4.3.2/avr5\libgcc.a(_udivmodsi4.o)
                0x00004230                __udivmodsi4
 .text.libgcc   0x00004274        0x0 c:/winavr-20090313/bin/../lib/gcc/avr/4.3.2/avr5\libgcc.a(_exit.o)
 .text.libgcc   0x00004274        0x0 c:/winavr-20090313/bin/../lib/gcc/avr/4.3.2/avr5\libgcc.a(_copy_data.o)
 .text.libgcc   0x00004274        0x0 c:/winavr-20090313/bin/../lib/gcc/avr/4.3.2/avr5\libgcc.a(_clear_bss.o)
 .text.libgcc   0x00004274       0x38 c:/winavr-20090313/bin/../lib/gcc/avr/4.3.2/avr5\libgcc.a(_prologue.o)
                0x00004274                __prologue_saves__
 .text.libgcc   0x000042ac       0x36 c:/winavr-20090313/bin/../lib/gcc/avr/4.3.2/avr5\libgcc.a(_epilogue.o)
                0x000042ac                __epilogue_restores__
                0x000042e2                . = ALIGN (0x2)
 *(.fini9)
 .fini9         0x000042e2        0x0 c:/winavr-20090313/bin/../lib/gcc/avr/4.3.2/avr5\libgcc.a(_exit.o)
                0x000042e2                exit
                0x000042e2                _exit
 *(.fini9)
 *(.fini8)
 *(.fini8)
 *(.fini7)
 *(.fini7)
 *(.fini6)
 *(.fini6)
 *(.fini5)
 *(.fini5)
 *(.fini4)
 *(.fini4)
 *(.fini3)
 *(.fini3)
 *(.fini2)
 *(.fini2)
 *(.fini1)
 *(.fini1)
 *(.fini0)
 .fini0         0x000042e2        0x4 c:/winavr-20090313/bin/../lib/gcc/avr/4.3.2/avr5\libgcc.a(_exit.o)
 *(.fini0)
                0x000042e6                _etext = .

.data           0x00800060      0x14a load address 0x000042e6
                0x00800060                PROVIDE (__data_start, .)
 *(.data)
 .data          0x00800060        0x0 c:/winavr-20090313/bin/../lib/gcc/avr/4.3.2/../../../../avr/lib/avr5/crtm32.o
 .data          0x00800060        0x0 ./MCAL/Timer/WDT/WDT.o
 .data          0x00800060        0x0 ./MCAL/Timer/Timer2/Timer2.o
 .data          0x00800060        0x0 ./MCAL/Timer/Timer1/Timer1.o
 .data          0x00800060        0x0 ./MCAL/Timer/Timer0/Timer0.o
 .data          0x00800060        0x0 ./MCAL/Timer/ICU/ICU.o
 .data          0x00800060        0x0 ./MCAL/GI/GI.o
 .data          0x00800060        0x0 ./MCAL/DIO/DIO.o
 .data          0x00800060        0x0 ./HAL/UltraSonic/UltraSonic.o
 .data          0x00800060        0x0 ./HAL/Tires_Control/Tires_Control.o
 .data          0x00800060        0x0 ./CFG/DIO/DIO_Cfg.o
 .data          0x00800060        0x0 ./APP/Auto_Parking.o
 .data          0x00800060        0x0 ./main.o
 .data          0x00800060        0x0 c:/winavr-20090313/bin/../lib/gcc/avr/4.3.2/avr5\libgcc.a(_udivmodhi4.o)
 .data          0x00800060        0x0 c:/winavr-20090313/bin/../lib/gcc/avr/4.3.2/avr5\libgcc.a(_divmodhi4.o)
 .data          0x00800060        0x0 c:/winavr-20090313/bin/../lib/gcc/avr/4.3.2/avr5\libgcc.a(_udivmodsi4.o)
 .data          0x00800060        0x0 c:/winavr-20090313/bin/../lib/gcc/avr/4.3.2/avr5\libgcc.a(_exit.o)
 .data          0x00800060        0x0 c:/winavr-20090313/bin/../lib/gcc/avr/4.3.2/avr5\libgcc.a(_copy_data.o)
 .data          0x00800060        0x0 c:/winavr-20090313/bin/../lib/gcc/avr/4.3.2/avr5\libgcc.a(_clear_bss.o)
 .data          0x00800060        0x0 c:/winavr-20090313/bin/../lib/gcc/avr/4.3.2/avr5\libgcc.a(_fixunssfsi.o)
 .data          0x00800060        0x0 c:/winavr-20090313/bin/../lib/gcc/avr/4.3.2/avr5\libgcc.a(_addsub_sf.o)
 .data          0x00800060        0x0 c:/winavr-20090313/bin/../lib/gcc/avr/4.3.2/avr5\libgcc.a(_mul_sf.o)
 .data          0x00800060        0x0 c:/winavr-20090313/bin/../lib/gcc/avr/4.3.2/avr5\libgcc.a(_div_sf.o)
 .data          0x00800060        0x0 c:/winavr-20090313/bin/../lib/gcc/avr/4.3.2/avr5\libgcc.a(_eq_sf.o)
 .data          0x00800060        0x0 c:/winavr-20090313/bin/../lib/gcc/avr/4.3.2/avr5\libgcc.a(_gt_sf.o)
 .data          0x00800060        0x0 c:/winavr-20090313/bin/../lib/gcc/avr/4.3.2/avr5\libgcc.a(_ge_sf.o)
 .data          0x00800060        0x0 c:/winavr-20090313/bin/../lib/gcc/avr/4.3.2/avr5\libgcc.a(_lt_sf.o)
 .data          0x00800060        0x0 c:/winavr-20090313/bin/../lib/gcc/avr/4.3.2/avr5\libgcc.a(_sf_to_si.o)
 .data          0x00800060        0x8 c:/winavr-20090313/bin/../lib/gcc/avr/4.3.2/avr5\libgcc.a(_thenan_sf.o)
                0x00800060                __thenan_sf
 .data          0x00800068        0x0 c:/winavr-20090313/bin/../lib/gcc/avr/4.3.2/avr5\libgcc.a(_usi_to_sf.o)
 .data          0x00800068        0x0 c:/winavr-20090313/bin/../lib/gcc/avr/4.3.2/avr5\libgcc.a(_prologue.o)
 .data          0x00800068        0x0 c:/winavr-20090313/bin/../lib/gcc/avr/4.3.2/avr5\libgcc.a(_epilogue.o)
 .data          0x00800068        0x0 c:/winavr-20090313/bin/../lib/gcc/avr/4.3.2/avr5\libgcc.a(_clzsi2.o)
 .data          0x00800068        0x0 c:/winavr-20090313/bin/../lib/gcc/avr/4.3.2/avr5\libgcc.a(_pack_sf.o)
 .data          0x00800068        0x0 c:/winavr-20090313/bin/../lib/gcc/avr/4.3.2/avr5\libgcc.a(_unpack_sf.o)
 .data          0x00800068        0x0 c:/winavr-20090313/bin/../lib/gcc/avr/4.3.2/avr5\libgcc.a(_fpcmp_parts_sf.o)
 .data          0x00800068      0x100 c:/winavr-20090313/bin/../lib/gcc/avr/4.3.2/avr5\libgcc.a(_clz.o)
                0x00800068                __clz_tab
 *(.data*)
 .data.state    0x00800168        0x1 ./HAL/Tires_Control/Tires_Control.o
                0x00800168                state
 *(.rodata)
 *(.rodata*)
 .rodata.DIO_PinsStatusArr
                0x00800169       0x40 ./CFG/DIO/DIO_Cfg.o
                0x00800169                DIO_PinsStatusArr
 *(.gnu.linkonce.d*)
                0x008001aa                . = ALIGN (0x2)
 *fill*         0x008001a9        0x1 00
                0x008001aa                _edata = .
                0x008001aa                PROVIDE (__data_end, .)

.bss            0x008001aa       0x22
                0x008001aa                PROVIDE (__bss_start, .)
 *(.bss)
 .bss           0x008001aa        0x0 c:/winavr-20090313/bin/../lib/gcc/avr/4.3.2/../../../../avr/lib/avr5/crtm32.o
 .bss           0x008001aa        0x0 ./MCAL/Timer/WDT/WDT.o
 .bss           0x008001aa        0x0 ./MCAL/Timer/Timer2/Timer2.o
 .bss           0x008001aa        0x0 ./MCAL/Timer/Timer1/Timer1.o
 .bss           0x008001aa        0x0 ./MCAL/Timer/Timer0/Timer0.o
 .bss           0x008001aa        0x0 ./MCAL/Timer/ICU/ICU.o
 .bss           0x008001aa        0x0 ./MCAL/GI/GI.o
 .bss           0x008001aa        0x0 ./MCAL/DIO/DIO.o
 .bss           0x008001aa        0x0 ./HAL/UltraSonic/UltraSonic.o
 .bss           0x008001aa        0x0 ./HAL/Tires_Control/Tires_Control.o
 .bss           0x008001aa        0x0 ./CFG/DIO/DIO_Cfg.o
 .bss           0x008001aa        0x0 ./APP/Auto_Parking.o
 .bss           0x008001aa        0x0 ./main.o
 .bss           0x008001aa        0x0 c:/winavr-20090313/bin/../lib/gcc/avr/4.3.2/avr5\libgcc.a(_udivmodhi4.o)
 .bss           0x008001aa        0x0 c:/winavr-20090313/bin/../lib/gcc/avr/4.3.2/avr5\libgcc.a(_divmodhi4.o)
 .bss           0x008001aa        0x0 c:/winavr-20090313/bin/../lib/gcc/avr/4.3.2/avr5\libgcc.a(_udivmodsi4.o)
 .bss           0x008001aa        0x0 c:/winavr-20090313/bin/../lib/gcc/avr/4.3.2/avr5\libgcc.a(_exit.o)
 .bss           0x008001aa        0x0 c:/winavr-20090313/bin/../lib/gcc/avr/4.3.2/avr5\libgcc.a(_copy_data.o)
 .bss           0x008001aa        0x0 c:/winavr-20090313/bin/../lib/gcc/avr/4.3.2/avr5\libgcc.a(_clear_bss.o)
 .bss           0x008001aa        0x0 c:/winavr-20090313/bin/../lib/gcc/avr/4.3.2/avr5\libgcc.a(_fixunssfsi.o)
 .bss           0x008001aa        0x0 c:/winavr-20090313/bin/../lib/gcc/avr/4.3.2/avr5\libgcc.a(_addsub_sf.o)
 .bss           0x008001aa        0x0 c:/winavr-20090313/bin/../lib/gcc/avr/4.3.2/avr5\libgcc.a(_mul_sf.o)
 .bss           0x008001aa        0x0 c:/winavr-20090313/bin/../lib/gcc/avr/4.3.2/avr5\libgcc.a(_div_sf.o)
 .bss           0x008001aa        0x0 c:/winavr-20090313/bin/../lib/gcc/avr/4.3.2/avr5\libgcc.a(_eq_sf.o)
 .bss           0x008001aa        0x0 c:/winavr-20090313/bin/../lib/gcc/avr/4.3.2/avr5\libgcc.a(_gt_sf.o)
 .bss           0x008001aa        0x0 c:/winavr-20090313/bin/../lib/gcc/avr/4.3.2/avr5\libgcc.a(_ge_sf.o)
 .bss           0x008001aa        0x0 c:/winavr-20090313/bin/../lib/gcc/avr/4.3.2/avr5\libgcc.a(_lt_sf.o)
 .bss           0x008001aa        0x0 c:/winavr-20090313/bin/../lib/gcc/avr/4.3.2/avr5\libgcc.a(_sf_to_si.o)
 .bss           0x008001aa        0x0 c:/winavr-20090313/bin/../lib/gcc/avr/4.3.2/avr5\libgcc.a(_thenan_sf.o)
 .bss           0x008001aa        0x0 c:/winavr-20090313/bin/../lib/gcc/avr/4.3.2/avr5\libgcc.a(_usi_to_sf.o)
 .bss           0x008001aa        0x0 c:/winavr-20090313/bin/../lib/gcc/avr/4.3.2/avr5\libgcc.a(_prologue.o)
 .bss           0x008001aa        0x0 c:/winavr-20090313/bin/../lib/gcc/avr/4.3.2/avr5\libgcc.a(_epilogue.o)
 .bss           0x008001aa        0x0 c:/winavr-20090313/bin/../lib/gcc/avr/4.3.2/avr5\libgcc.a(_clzsi2.o)
 .bss           0x008001aa        0x0 c:/winavr-20090313/bin/../lib/gcc/avr/4.3.2/avr5\libgcc.a(_pack_sf.o)
 .bss           0x008001aa        0x0 c:/winavr-20090313/bin/../lib/gcc/avr/4.3.2/avr5\libgcc.a(_unpack_sf.o)
 .bss           0x008001aa        0x0 c:/winavr-20090313/bin/../lib/gcc/avr/4.3.2/avr5\libgcc.a(_fpcmp_parts_sf.o)
 .bss           0x008001aa        0x0 c:/winavr-20090313/bin/../lib/gcc/avr/4.3.2/avr5\libgcc.a(_clz.o)
 *(.bss*)
 .bss.p2f_ov    0x008001aa        0x2 ./MCAL/Timer/Timer2/Timer2.o
 .bss.p2f_cmp   0x008001ac        0x2 ./MCAL/Timer/Timer2/Timer2.o
 .bss.p2f_OV    0x008001ae        0x2 ./MCAL/Timer/Timer1/Timer1.o
 .bss.p2f_OCA   0x008001b0        0x2 ./MCAL/Timer/Timer1/Timer1.o
 .bss.p2f_OCB   0x008001b2        0x2 ./MCAL/Timer/Timer1/Timer1.o
 .bss.p2f_ICU   0x008001b4        0x2 ./MCAL/Timer/Timer1/Timer1.o
 .bss.p2f_ov    0x008001b6        0x2 ./MCAL/Timer/Timer0/Timer0.o
                0x008001b6                p2f_ov
 .bss.p2f_cmp   0x008001b8        0x2 ./MCAL/Timer/Timer0/Timer0.o
                0x008001b8                p2f_cmp
 .bss.t1        0x008001ba        0x2 ./HAL/UltraSonic/UltraSonic.o
 .bss.t2        0x008001bc        0x2 ./HAL/UltraSonic/UltraSonic.o
 .bss.time      0x008001be        0x2 ./HAL/UltraSonic/UltraSonic.o
 .bss.ov        0x008001c0        0x1 ./HAL/UltraSonic/UltraSonic.o
 .bss.flag      0x008001c1        0x1 ./HAL/UltraSonic/UltraSonic.o
 .bss.State     0x008001c2        0x1 ./APP/Auto_Parking.o
                0x008001c2                State
 .bss.Spot      0x008001c3        0x1 ./APP/Auto_Parking.o
                0x008001c3                Spot
 .bss.c         0x008001c4        0x4 ./APP/Auto_Parking.o
 *(COMMON)
 COMMON         0x008001c8        0x4 ./APP/Auto_Parking.o
                0x008001c8                us_f
                0x008001c9                us_rb
                0x008001ca                us_rf
                0x008001cb                us_b
                0x008001cc                PROVIDE (__bss_end, .)
                0x000042e6                __data_load_start = LOADADDR (.data)
                0x00004430                __data_load_end = (__data_load_start + SIZEOF (.data))

.noinit         0x008001cc        0x0
                0x008001cc                PROVIDE (__noinit_start, .)
 *(.noinit*)
                0x008001cc                PROVIDE (__noinit_end, .)
                0x008001cc                _end = .
                0x008001cc                PROVIDE (__heap_start, .)

.eeprom         0x00810000        0x0
 *(.eeprom*)
                0x00810000                __eeprom_end = .

.fuse
 *(.fuse)
 *(.lfuse)
 *(.hfuse)
 *(.efuse)

.lock
 *(.lock*)

.signature
 *(.signature*)

.stab           0x00000000     0x3e88
 *(.stab)
 .stab          0x00000000      0x474 ./MCAL/Timer/WDT/WDT.o
 .stab          0x00000474      0x480 ./MCAL/Timer/Timer2/Timer2.o
                                0x6a8 (size before relaxing)
 .stab          0x000008f4      0x6f0 ./MCAL/Timer/Timer1/Timer1.o
                                0x918 (size before relaxing)
 .stab          0x00000fe4      0x4f8 ./MCAL/Timer/Timer0/Timer0.o
                                0x720 (size before relaxing)
 .stab          0x000014dc      0x204 ./MCAL/Timer/ICU/ICU.o
                                0x42c (size before relaxing)
 .stab          0x000016e0      0x174 ./MCAL/GI/GI.o
                                0x39c (size before relaxing)
 .stab          0x00001854      0x63c ./MCAL/DIO/DIO.o
                                0x8dc (size before relaxing)
 .stab          0x00001e90      0x8f4 ./HAL/UltraSonic/UltraSonic.o
                                0xbac (size before relaxing)
 .stab          0x00002784      0x6c0 ./HAL/Tires_Control/Tires_Control.o
                                0x960 (size before relaxing)
 .stab          0x00002e44       0xfc ./CFG/DIO/DIO_Cfg.o
                                0x204 (size before relaxing)
 .stab          0x00002f40      0xe40 ./APP/Auto_Parking.o
                               0x10e0 (size before relaxing)
 .stab          0x00003d80      0x108 ./main.o
                                0x114 (size before relaxing)

.stabstr        0x00000000     0x1994
 *(.stabstr)
 .stabstr       0x00000000     0x1994 ./MCAL/Timer/WDT/WDT.o

.stab.excl
 *(.stab.excl)

.stab.exclstr
 *(.stab.exclstr)

.stab.index
 *(.stab.index)

.stab.indexstr
 *(.stab.indexstr)

.comment
 *(.comment)

.debug
 *(.debug)

.line
 *(.line)

.debug_srcinfo
 *(.debug_srcinfo)

.debug_sfnames
 *(.debug_sfnames)

.debug_aranges
 *(.debug_aranges)

.debug_pubnames
 *(.debug_pubnames)

.debug_info
 *(.debug_info)
 *(.gnu.linkonce.wi.*)

.debug_abbrev
 *(.debug_abbrev)

.debug_line
 *(.debug_line)

.debug_frame
 *(.debug_frame)

.debug_str
 *(.debug_str)

.debug_loc
 *(.debug_loc)

.debug_macinfo
 *(.debug_macinfo)
OUTPUT(Auto_Parking2.elf elf32-avr)
LOAD linker stubs
